Resolving dependencies...
Downloading packages...
  characters 1.4.0 (1.4.1 available)
  image_cropper 8.1.0 (11.0.0 available)
  image_cropper_for_web 6.1.0 (7.0.0 available)
  image_cropper_platform_interface 7.2.0 (8.0.0 available)
  matcher 0.12.17 (0.12.18 available)
  material_color_utilities 0.11.1 (0.13.0 available)
  meta 1.16.0 (1.17.0 available)
  test_api 0.7.6 (0.7.8 available)
Got dependencies!
8 packages have newer versions incompatible with dependency constraints.
Try `flutter pub outdated` for more information.
Launching lib\main.dart on Chrome in debug mode...
